> Task :app:preBuild UP-TO-DATE
> Task :app:preDebugBuild UP-TO-DATE
> Task :app:generateDebugBuildConfig UP-TO-DATE
> Task :app:generateDebugResources UP-TO-DATE
> Task :app:packageDebugResources UP-TO-DATE
> Task :app:processDebugNavigationResources UP-TO-DATE
> Task :app:parseDebugLocalResources UP-TO-DATE
> Task :app:generateDebugRFile UP-TO-DATE

> Task :app:compileDebugKotlin
./gradlew : e: 
file:///C:/Users/USER/Documents/AstraNavi/AstraNavi%20App/app/src/main/java/com/astranavi/app/MainActivity.kt:495:33 
No value passed for parameter 'content'.
At line:1 char:66
+ ... id Studio1/jbr'; ./gradlew compileDebugKotlin > build_output.txt 2>&1
+                      ~~~~~~~~~~~~~~~~~~~~~~~~~~~~~~~~~~~~~~~~~~~~~~~~~~~~
    + CategoryInfo          : NotSpecified: (e: file:///C:/U...eter 'content'.:String) [], RemoteException
    + FullyQualifiedErrorId : NativeCommandError
 
e: 
file:///C:/Users/USER/Documents/AstraNavi/AstraNavi%20App/app/src/main/java/com/astranavi/app/MainActivity.kt:498:37 
Mixing named and positional arguments is not allowed unless the order of the arguments matches the order of the 
parameters.
e: 
file:///C:/Users/USER/Documents/AstraNavi/AstraNavi%20App/app/src/main/java/com/astranavi/app/MainActivity.kt:538:88 
Unresolved reference 'baseRoute'.
e: 
file:///C:/Users/USER/Documents/AstraNavi/AstraNavi%20App/app/src/main/java/com/astranavi/app/MainActivity.kt:543:86 
Unresolved reference 'baseRoute'.
e: 
file:///C:/Users/USER/Documents/AstraNavi/AstraNavi%20App/app/src/main/java/com/astranavi/app/MainActivity.kt:548:85 
Unresolved reference 'baseRoute'.
e: 
file:///C:/Users/USER/Documents/AstraNavi/AstraNavi%20App/app/src/main/java/com/astranavi/app/MainActivity.kt:563:86 
Unresolved reference 'baseRoute'.
e: 
file:///C:/Users/USER/Documents/AstraNavi/AstraNavi%20App/app/src/main/java/com/astranavi/app/MainActivity.kt:581:38 
Syntax error: Expecting ')'.
e: 
file:///C:/Users/USER/Documents/AstraNavi/AstraNavi%20App/app/src/main/java/com/astranavi/app/MainActivity.kt:582:34 
Syntax error: Unexpected tokens (use ';' to separate expressions on the same line).
e: 
file:///C:/Users/USER/Documents/AstraNavi/AstraNavi%20App/app/src/main/java/com/astranavi/app/MainActivity.kt:583:37 
Unresolved reference 'bottomBar'.
e: 
file:///C:/Users/USER/Documents/AstraNavi/AstraNavi%20App/app/src/main/java/com/astranavi/app/MainActivity.kt:584:41 
@Composable invocations can only happen from the context of a @Composable function
e: 
file:///C:/Users/USER/Documents/AstraNavi/AstraNavi%20App/app/src/main/java/com/astranavi/app/MainActivity.kt:686:29 
Syntax error: Expecting an element.
e: 
file:///C:/Users/USER/Documents/AstraNavi/AstraNavi%20App/app/src/main/java/com/astranavi/app/MainActivity.kt:686:33 
An explicit type is required on a value parameter.
e: 
file:///C:/Users/USER/Documents/AstraNavi/AstraNavi%20App/app/src/main/java/com/astranavi/app/MainActivity.kt:687:37 
@Composable invocations can only happen from the context of a @Composable function
e: 
file:///C:/Users/USER/Documents/AstraNavi/AstraNavi%20App/app/src/main/java/com/astranavi/app/MainActivity.kt:691:71 
Unresolved reference 'measuredBottomBarHeight'.
e: 
file:///C:/Users/USER/Documents/AstraNavi/AstraNavi%20App/app/src/main/java/com/astranavi/app/MainActivity.kt:699:63 
Unresolved reference 'drawsBehindTopBar'.
e: 
file:///C:/Users/USER/Documents/AstraNavi/AstraNavi%20App/app/src/main/java/com/astranavi/app/MainActivity.kt:699:105 
Unresolved reference 'calculateTopPadding'.
e: 
file:///C:/Users/USER/Documents/AstraNavi/AstraNavi%20App/app/src/main/java/com/astranavi/app/MainActivity.kt:700:75 
Unresolved reference 'calculateBottomPadding'.
e: 
file:///C:/Users/USER/Documents/AstraNavi/AstraNavi%20App/app/src/main/java/com/astranavi/app/MainActivity.kt:791:57 
Unresolved reference 'isMenuOpen'.
e: 
file:///C:/Users/USER/Documents/AstraNavi/AstraNavi%20App/app/src/main/java/com/astranavi/app/MainActivity.kt:801:70 
Unresolved reference 'isMenuOpen'.
e: 
file:///C:/Users/USER/Documents/AstraNavi/AstraNavi%20App/app/src/main/java/com/astranavi/app/MainActivity.kt:846:110 
Unresolved reference 'isMenuOpen'.
e: 
file:///C:/Users/USER/Documents/AstraNavi/AstraNavi%20App/app/src/main/java/com/astranavi/app/MainActivity.kt:854:70 
Unresolved reference 'isMenuOpen'.
e: 
file:///C:/Users/USER/Documents/AstraNavi/AstraNavi%20App/app/src/main/java/com/astranavi/app/MainActivity.kt:865:138 
Unresolved reference 'isMenuOpen'.
e: 
file:///C:/Users/USER/Documents/AstraNavi/AstraNavi%20App/app/src/main/java/com/astranavi/app/MainActivity.kt:879:147 
Unresolved reference 'isMenuOpen'.
e: 
file:///C:/Users/USER/Documents/AstraNavi/AstraNavi%20App/app/src/main/java/com/astranavi/app/MainActivity.kt:892:62 
Unresolved reference 'isMenuOpen'.
e: 
file:///C:/Users/USER/Documents/AstraNavi/AstraNavi%20App/app/src/main/java/com/astranavi/app/MainActivity.kt:893:210 
Unresolved reference 'isMenuOpen'.
e: 
file:///C:/Users/USER/Documents/AstraNavi/AstraNavi%20App/app/src/main/java/com/astranavi/app/MainActivity.kt:898:96 
Unresolved reference 'responsive'.
e: 
file:///C:/Users/USER/Documents/AstraNavi/AstraNavi%20App/app/src/main/java/com/astranavi/app/MainActivity.kt:903:62 
Unresolved reference 'isMenuOpen'.
e: 
file:///C:/Users/USER/Documents/AstraNavi/AstraNavi%20App/app/src/main/java/com/astranavi/app/MainActivity.kt:904:98 
Unresolved reference 'responsive'.
e: 
file:///C:/Users/USER/Documents/AstraNavi/AstraNavi%20App/app/src/main/java/com/astranavi/app/MainActivity.kt:904:127 
Unresolved reference 'responsive'.
e: 
file:///C:/Users/USER/Documents/AstraNavi/AstraNavi%20App/app/src/main/java/com/astranavi/app/MainActivity.kt:908:74 
Unresolved reference 'isMenuOpen'.
e: 
file:///C:/Users/USER/Documents/AstraNavi/AstraNavi%20App/app/src/main/java/com/astranavi/app/MainActivity.kt:909:135 
Unresolved reference 'isMenuOpen'.
e: 
file:///C:/Users/USER/Documents/AstraNavi/AstraNavi%20App/app/src/main/java/com/astranavi/app/MainActivity.kt:913:91 
Unresolved reference 'responsive'.
e: 
file:///C:/Users/USER/Documents/AstraNavi/AstraNavi%20App/app/src/main/java/com/astranavi/app/MainActivity.kt:915:164 
Unresolved reference 'currentDestination'.
e: 
file:///C:/Users/USER/Documents/AstraNavi/AstraNavi%20App/app/src/main/java/com/astranavi/app/MainActivity.kt:915:219 
Unresolved reference 'isMenuOpen'.
e: 
file:///C:/Users/USER/Documents/AstraNavi/AstraNavi%20App/app/src/main/java/com/astranavi/app/MainActivity.kt:921:156 
Unresolved reference 'isMenuOpen'.
e: file:///C:/Users/USER/Documents/AstraNavi/AstraNavi%20App/app/src/main/java/com/astranavi/app/MainActivity.kt:933:5 
Syntax error: Expecting a top level declaration.
e: file:///C:/Users/USER/Documents/AstraNavi/AstraNavi%20App/app/src/main/java/com/astranavi/app/MainActivity.kt:934:1 
Syntax error: Expecting a top level declaration.

> Task :app:compileDebugKotlin FAILED

FAILURE: Build failed with an exception.

* What went wrong:
Execution failed for task ':app:compileDebugKotlin'.
> A failure occurred while executing 
org.jetbrains.kotlin.compilerRunner.GradleCompilerRunnerWithWorkers$GradleKotlinCompilerWorkAction
   > Compilation error. See log for more details

* Try:
> Run with --stacktrace option to get the stack trace.
> Run with --info or --debug option to get more log output.
> Run with --scan to get full insights from a Build Scan (powered by Develocity).
> Get more help at https://help.gradle.org.

BUILD FAILED in 6s
7 actionable tasks: 1 executed, 6 up-to-date
